------------------------------------------------------------
TimeQuest Timing Analyzer Summary
------------------------------------------------------------

Type  : Slow 1200mV 85C Model Setup 'u6|sdram_pll1|altpll_component|pll|clk[0]'
Slack : -6.994
TNS   : -538.991

Type  : Slow 1200mV 85C Model Setup 'TD_CLK27'
Slack : -1.277
TNS   : -89.598

Type  : Slow 1200mV 85C Model Setup 'CLOCK_50'
Slack : 11.890
TNS   : 0.000

Type  : Slow 1200mV 85C Model Setup 'u6|sdram_pll1|altpll_component|pll|clk[2]'
Slack : 51.610
TNS   : 0.000

Type  : Slow 1200mV 85C Model Hold 'TD_CLK27'
Slack : 0.353
TNS   : 0.000

Type  : Slow 1200mV 85C Model Hold 'u6|sdram_pll1|altpll_component|pll|clk[0]'
Slack : 0.359
TNS   : 0.000

Type  : Slow 1200mV 85C Model Hold 'u6|sdram_pll1|altpll_component|pll|clk[2]'
Slack : 0.402
TNS   : 0.000

Type  : Slow 1200mV 85C Model Hold 'CLOCK_50'
Slack : 0.407
TNS   : 0.000

Type  : Slow 1200mV 85C Model Recovery 'u6|sdram_pll1|altpll_component|pll|clk[0]'
Slack : -5.583
TNS   : -1979.466

Type  : Slow 1200mV 85C Model Recovery 'u6|sdram_pll1|altpll_component|pll|clk[2]'
Slack : -4.801
TNS   : -67.214

Type  : Slow 1200mV 85C Model Recovery 'TD_CLK27'
Slack : -1.595
TNS   : -866.858

Type  : Slow 1200mV 85C Model Removal 'TD_CLK27'
Slack : 1.114
TNS   : 0.000

Type  : Slow 1200mV 85C Model Removal 'u6|sdram_pll1|altpll_component|pll|clk[0]'
Slack : 3.327
TNS   : 0.000

Type  : Slow 1200mV 85C Model Removal 'u6|sdram_pll1|altpll_component|pll|clk[2]'
Slack : 3.694
TNS   : 0.000

Type  : Slow 1200mV 85C Model Minimum Pulse Width 'u6|sdram_pll1|altpll_component|pll|clk[0]'
Slack : 4.733
TNS   : 0.000

Type  : Slow 1200mV 85C Model Minimum Pulse Width 'CLOCK_50'
Slack : 9.629
TNS   : 0.000

Type  : Slow 1200mV 85C Model Minimum Pulse Width 'CLOCK2_50'
Slack : 16.000
TNS   : 0.000

Type  : Slow 1200mV 85C Model Minimum Pulse Width 'CLOCK3_50'
Slack : 16.000
TNS   : 0.000

Type  : Slow 1200mV 85C Model Minimum Pulse Width 'TD_CLK27'
Slack : 17.921
TNS   : 0.000

Type  : Slow 1200mV 85C Model Minimum Pulse Width 'u6|sdram_pll1|altpll_component|pll|clk[2]'
Slack : 26.609
TNS   : 0.000

Type  : Slow 1200mV 85C Model Minimum Pulse Width 'AUD_XCK'
Slack : 49.669
TNS   : 0.000

Type  : Slow 1200mV 0C Model Setup 'u6|sdram_pll1|altpll_component|pll|clk[0]'
Slack : -6.281
TNS   : -483.047

Type  : Slow 1200mV 0C Model Setup 'TD_CLK27'
Slack : -1.078
TNS   : -74.623

Type  : Slow 1200mV 0C Model Setup 'CLOCK_50'
Slack : 12.524
TNS   : 0.000

Type  : Slow 1200mV 0C Model Setup 'u6|sdram_pll1|altpll_component|pll|clk[2]'
Slack : 51.846
TNS   : 0.000

Type  : Slow 1200mV 0C Model Hold 'u6|sdram_pll1|altpll_component|pll|clk[0]'
Slack : 0.336
TNS   : 0.000

Type  : Slow 1200mV 0C Model Hold 'TD_CLK27'
Slack : 0.352
TNS   : 0.000

Type  : Slow 1200mV 0C Model Hold 'u6|sdram_pll1|altpll_component|pll|clk[2]'
Slack : 0.353
TNS   : 0.000

Type  : Slow 1200mV 0C Model Hold 'CLOCK_50'
Slack : 0.364
TNS   : 0.000

Type  : Slow 1200mV 0C Model Recovery 'u6|sdram_pll1|altpll_component|pll|clk[0]'
Slack : -5.042
TNS   : -1765.624

Type  : Slow 1200mV 0C Model Recovery 'u6|sdram_pll1|altpll_component|pll|clk[2]'
Slack : -4.238
TNS   : -59.332

Type  : Slow 1200mV 0C Model Recovery 'TD_CLK27'
Slack : -1.388
TNS   : -738.326

Type  : Slow 1200mV 0C Model Removal 'TD_CLK27'
Slack : 1.031
TNS   : 0.000

Type  : Slow 1200mV 0C Model Removal 'u6|sdram_pll1|altpll_component|pll|clk[0]'
Slack : 2.944
TNS   : 0.000

Type  : Slow 1200mV 0C Model Removal 'u6|sdram_pll1|altpll_component|pll|clk[2]'
Slack : 3.249
TNS   : 0.000

Type  : Slow 1200mV 0C Model Minimum Pulse Width 'u6|sdram_pll1|altpll_component|pll|clk[0]'
Slack : 4.722
TNS   : 0.000

Type  : Slow 1200mV 0C Model Minimum Pulse Width 'CLOCK_50'
Slack : 9.590
TNS   : 0.000

Type  : Slow 1200mV 0C Model Minimum Pulse Width 'CLOCK2_50'
Slack : 16.000
TNS   : 0.000

Type  : Slow 1200mV 0C Model Minimum Pulse Width 'CLOCK3_50'
Slack : 16.000
TNS   : 0.000

Type  : Slow 1200mV 0C Model Minimum Pulse Width 'TD_CLK27'
Slack : 17.947
TNS   : 0.000

Type  : Slow 1200mV 0C Model Minimum Pulse Width 'u6|sdram_pll1|altpll_component|pll|clk[2]'
Slack : 26.612
TNS   : 0.000

Type  : Slow 1200mV 0C Model Minimum Pulse Width 'AUD_XCK'
Slack : 49.669
TNS   : 0.000

Type  : Fast 1200mV 0C Model Setup 'u6|sdram_pll1|altpll_component|pll|clk[0]'
Slack : -3.619
TNS   : -282.328

Type  : Fast 1200mV 0C Model Setup 'TD_CLK27'
Slack : -0.209
TNS   : -9.373

Type  : Fast 1200mV 0C Model Setup 'CLOCK_50'
Slack : 15.723
TNS   : 0.000

Type  : Fast 1200mV 0C Model Setup 'u6|sdram_pll1|altpll_component|pll|clk[2]'
Slack : 52.737
TNS   : 0.000

Type  : Fast 1200mV 0C Model Hold 'u6|sdram_pll1|altpll_component|pll|clk[0]'
Slack : 0.138
TNS   : 0.000

Type  : Fast 1200mV 0C Model Hold 'TD_CLK27'
Slack : 0.146
TNS   : 0.000

Type  : Fast 1200mV 0C Model Hold 'u6|sdram_pll1|altpll_component|pll|clk[2]'
Slack : 0.180
TNS   : 0.000

Type  : Fast 1200mV 0C Model Hold 'CLOCK_50'
Slack : 0.189
TNS   : 0.000

Type  : Fast 1200mV 0C Model Recovery 'u6|sdram_pll1|altpll_component|pll|clk[0]'
Slack : -3.012
TNS   : -1068.273

Type  : Fast 1200mV 0C Model Recovery 'u6|sdram_pll1|altpll_component|pll|clk[2]'
Slack : -2.618
TNS   : -36.652

Type  : Fast 1200mV 0C Model Recovery 'TD_CLK27'
Slack : -0.396
TNS   : -122.957

Type  : Fast 1200mV 0C Model Removal 'TD_CLK27'
Slack : 0.445
TNS   : 0.000

Type  : Fast 1200mV 0C Model Removal 'u6|sdram_pll1|altpll_component|pll|clk[0]'
Slack : 1.690
TNS   : 0.000

Type  : Fast 1200mV 0C Model Removal 'u6|sdram_pll1|altpll_component|pll|clk[2]'
Slack : 1.929
TNS   : 0.000

Type  : Fast 1200mV 0C Model Minimum Pulse Width 'u6|sdram_pll1|altpll_component|pll|clk[0]'
Slack : 4.805
TNS   : 0.000

Type  : Fast 1200mV 0C Model Minimum Pulse Width 'CLOCK_50'
Slack : 9.266
TNS   : 0.000

Type  : Fast 1200mV 0C Model Minimum Pulse Width 'CLOCK2_50'
Slack : 16.000
TNS   : 0.000

Type  : Fast 1200mV 0C Model Minimum Pulse Width 'CLOCK3_50'
Slack : 16.000
TNS   : 0.000

Type  : Fast 1200mV 0C Model Minimum Pulse Width 'TD_CLK27'
Slack : 17.704
TNS   : 0.000

Type  : Fast 1200mV 0C Model Minimum Pulse Width 'u6|sdram_pll1|altpll_component|pll|clk[2]'
Slack : 26.682
TNS   : 0.000

Type  : Fast 1200mV 0C Model Minimum Pulse Width 'AUD_XCK'
Slack : 49.879
TNS   : 0.000

------------------------------------------------------------
